{"timestamp":{"seconds":1788374347,"nanos":311166069},"severity":"INFO","message":"Start gcsfuse/3.11.3 (Go version go1.26.7) for app \"\" using mount point: /mnt/bucket\n","mount-id":"studio-prod-7f3a-volume-control-54c11396"}
{"timestamp":{"seconds":1788374347,"nanos":311192769},"severity":"INFO","message":"GCSFuse Config","mount-id":"studio-prod-7f3a-volume-control-54c11396","CLI Flags":{"implicit-dirs":"true"}}
{"timestamp":{"seconds":1788374347,"nanos":311217669},"severity":"INFO","message":"GCSFuse Config","mount-id":"studio-prod-7f3a-volume-control-54c11396","Full Config":{"AppName":"","CacheDir":"","CloudProfiler":{"AllocatedHeap":true,"Cpu":true,"Enabled":false,"Goroutines":false,"Heap":true,"Label":"gcsfuse-0.0.0","Mutex":false,"ServiceName":"gcsfuse"},"Debug":{"ExitOnInvariantViolation":false,"Fuse":false,"Gcs":false,"LogMutex":false},"DisableAutoconfig":false,"DummyIo":{"Enable":false,"PerMbLatency":0,"ReaderLatency":0},"EnableAtomicRenameObject":true,"EnableGoogleLibAuth":true,"EnableHns":true,"EnableNewReader":true,"EnableStandardSymlinks":true,"EnableTypeCacheDeprecation":true,"EnableUnsupportedPathSupport":true,"FileCache":{"CacheFileForRangeRead":false,"DownloadChunkSizeMb":200,"EnableCrc":false,"EnableExperimentalSharedChunkCache":false,"EnableODirect":false,"EnableParallelDownloads":false,"ExcludeRegex":"","ExperimentalDisableSizeCalculationFix":false,"ExperimentalEnableChunkCache":false,"ExperimentalParallelDownloadsDefaultOn":true,"IncludeRegex":"","MaxParallelDownloads":16,"MaxSizeMb":-1,"ParallelDownloadsPerFile":16,"SharedCacheChunkSizeMb":8,"WriteBufferSize":4194304},"FileSystem":{"CongestionThreshold":0,"DirMode":"755","DisableParallelDirops":false,"EnableKernelReader":false,"ExperimentalEnableDentryCache":false,"ExperimentalEnablePirlo":false,"ExperimentalEnableReaddirplus":false,"ExperimentalODirect":false,"FileMode":"644","FuseMaxRequestSizeKb":1024,"FuseOptions":[],"Gid":-1,"IgnoreInterrupts":true,"InactiveMrdCacheSize":1000,"KernelListCacheTtlSecs":0,"KernelParamsFile":"","MaxBackground":0,"MaxReadAheadKb":0,"RenameDirLimit":0,"TempDir":"","Uid":-1},"Foreground":false,"GcsAuth":{"AnonymousAccess":false,"KeyFile":"","ReuseTokenFromUrl":true,"TokenUrl":""},"GcsConnection":{"BillingProject":"","ClientProtocol":"http1","CustomEndpoint":"","EnableHttpDnsCache":true,"ExperimentalEnableJsonRead":false,"ExperimentalLocalSocketAddress":"","GrpcConnPoolSize":1,"GrpcPathStrategy":"direct-path-with-fallback","HttpClientTimeout":0,"LimitBytesPerSec":-1,"LimitOpsPerSec":-1,"MaxConnsPerHost":0,"MaxIdleConnsPerHost":100,"SequentialReadSizeMb":200},"GcsRetries":{"ChunkRetryDeadlineSecs":120,"ChunkTransferTimeoutSecs":10,"EnableMountRetries":false,"ExperimentalNonrapidFolderApiStallRetry":false,"MaxRetryAttempts":9223372036854775807,"MaxRetrySleep":30000000000,"Multiplier":2,"ReadStall":{"Enable":true,"InitialReqTimeout":20000000000,"MaxReqTimeout":1200000000000,"MinReqTimeout":1500000000,"ReqIncreaseRate":15,"ReqTargetPercentile":0.99}},"ImplicitDirs":true,"List":{"EnableEmptyManagedFolders":false},"Logging":{"FilePath":"","Format":"json","LogRotate":{"BackupFileCount":10,"Compress":true,"MaxFileSizeMb":512},"Severity":"INFO","WireLog":""},"MachineType":"e2-standard-2","MetadataCache":{"DeprecatedStatCacheCapacity":20460,"DeprecatedStatCacheTtl":60000000000,"DeprecatedTypeCacheTtl":60000000000,"EnableMetadataPrefetch":true,"EnableNonexistentTypeCache":false,"ExperimentalEnableOptimizedMetadataCache":false,"ExperimentalMetadataPrefetchOnMount":"disabled","MetadataPrefetchEntriesLimit":5000,"MetadataPrefetchMaxWorkers":10,"NegativeTtlSecs":5,"StatCacheMaxSizeMb":34,"TtlSecs":60,"TypeCacheMaxSizeMb":4},"Metrics":{"BufferSize":256,"CloudMetricsExportIntervalSecs":0,"ExperimentalEnableGrpcMetrics":true,"PrometheusPort":0,"StackdriverExportInterval":0,"UseNewNames":false,"Workers":3},"Mrd":{"PoolSize":4},"OnlyDir":"","Profile":"","Read":{"BlockSizeMb":16,"EnableBufferedRead":false,"GlobalMaxBlocks":40,"InactiveStreamTimeout":10000000000,"MaxBlocksPerHandle":20,"MinBlocksPerHandle":4,"RandomSeekThreshold":3,"StartBlocksPerHandle":1},"Trace":{"Exporters":["gcpexporter"],"ProjectId":"","SamplingRatio":0},"WorkloadInsight":{"ForwardMergeThresholdMb":0,"OutputFile":"","Visualize":false},"Write":{"BlockSizeMb":32,"CreateEmptyFile":false,"EnableRapidAppends":true,"EnableRapidWrites":false,"EnableStreamingWrites":true,"FinalizeFileForRapid":false,"GlobalMaxBlocks":4,"MaxBlocksPerFile":1}}}
{"timestamp":{"seconds":1788374347,"nanos":405148542},"severity":"INFO","message":"File system has been successfully mounted.","mount-id":"studio-prod-7f3a-volume-control-54c11396"}
volume conformance — FAIL
  mount    /mnt/bucket (fuse.gcsfuse on studio-prod-7f3a-volume-control, statfs fuse)
  options  rw,nosuid,nodev,relatime,user_id=0,group_id=0,default_permissions
  process  uid=0 gid=0 node=v22.23.2 host=bd7a5c670fe9 containerized=true
  ✗ link: fail
      link() is not available on this mount, so an artifact cannot be published without copying it.
  ✓ rename-over-existing: pass
  ✓ realpath: pass
  ✓ exclusive-create: pass
  · directory-fsync: ok
  · requested-mode-preserved: no — asked for 0600, got 0644
  · cleanup: scratch directory removed

Recommendation: To check for possible causes of SSH connectivity issues and get
recommendations, rerun the ssh command with the --troubleshoot option.

gcloud compute ssh vox-service --project=studio-prod-7f3a --zone=europe-west1-c --troubleshoot

Or, to investigate an IAP tunneling issue:

gcloud compute ssh vox-service --project=studio-prod-7f3a --zone=europe-west1-c --troubleshoot --tunnel-through-iap

ERROR: (gcloud.compute.ssh) [C:\Users\Rabiaa22\AppData\Local\Google\Cloud SDK\google-cloud-sdk\bin\sdk\plink.exe] exited with return code [1].
